1774654316.010747 client started (2724178): version 3.6, socket /tmp/tmux-1006/default, protocol 8
1774654316.010772 on Linux 6.8.0-106-generic #106~22.04.1-Ubuntu SMP PREEMPT_DYNAMIC Fri Mar  6 08:44:59 UTC 
1774654316.010776 using libevent 2.1.12-stable poll
1774654316.010779 using ncurses 6.5 20240427
1774654316.010791 flags are 0x18010000
1774654316.010794 socket is /tmp/tmux-1006/default
1774654316.010806 trying connect
1774654316.010819 connect failed: Connection refused
1774654316.010825 lock file is /tmp/tmux-1006/default.lock
1774654316.010853 flock succeeded
1774654316.010856 got lock (6)
1774654316.010861 trying connect
1774654316.010867 connect failed: Connection refused
1774654316.011073 add peer 0x5b1a0697cf50: 7 ((nil))
1774654316.011320 sending message 111 to peer 0x5b1a0697cf50 (8 bytes)
1774654316.011326 sending message 111 to peer 0x5b1a0697cf50 (8 bytes)
1774654316.011330 sending message 101 to peer 0x5b1a0697cf50 (15 bytes)
1774654316.011332 sending message 109 to peer 0x5b1a0697cf50 (4 bytes)
1774654316.011335 sending message 102 to peer 0x5b1a0697cf50 (12 bytes)
1774654316.011343 sending message 108 to peer 0x5b1a0697cf50 (25 bytes)
1774654316.011346 sending message 112 to peer 0x5b1a0697cf50 (58 bytes)
1774654316.011348 sending message 112 to peer 0x5b1a0697cf50 (5 bytes)
1774654316.011351 sending message 112 to peer 0x5b1a0697cf50 (5 bytes)
1774654316.011354 sending message 112 to peer 0x5b1a0697cf50 (6 bytes)
1774654316.011357 sending message 112 to peer 0x5b1a0697cf50 (6 bytes)
1774654316.011369 sending message 112 to peer 0x5b1a0697cf50 (11 bytes)
1774654316.011371 sending message 112 to peer 0x5b1a0697cf50 (10 bytes)
1774654316.011374 sending message 112 to peer 0x5b1a0697cf50 (13 bytes)
1774654316.011377 sending message 112 to peer 0x5b1a0697cf50 (14 bytes)
1774654316.011380 sending message 112 to peer 0x5b1a0697cf50 (19 bytes)
1774654316.011382 sending message 112 to peer 0x5b1a0697cf50 (11 bytes)
1774654316.011385 sending message 112 to peer 0x5b1a0697cf50 (10 bytes)
1774654316.011388 sending message 112 to peer 0x5b1a0697cf50 (15 bytes)
1774654316.011390 sending message 112 to peer 0x5b1a0697cf50 (21 bytes)
1774654316.011393 sending message 112 to peer 0x5b1a0697cf50 (13 bytes)
1774654316.011395 sending message 112 to peer 0x5b1a0697cf50 (7 bytes)
1774654316.011398 sending message 112 to peer 0x5b1a0697cf50 (13 bytes)
1774654316.011401 sending message 112 to peer 0x5b1a0697cf50 (7 bytes)
1774654316.011404 sending message 112 to peer 0x5b1a0697cf50 (13 bytes)
1774654316.011406 sending message 112 to peer 0x5b1a0697cf50 (9 bytes)
1774654316.011409 sending message 112 to peer 0x5b1a0697cf50 (21 bytes)
1774654316.011411 sending message 112 to peer 0x5b1a0697cf50 (13 bytes)
1774654316.011414 sending message 112 to peer 0x5b1a0697cf50 (9 bytes)
1774654316.011417 sending message 112 to peer 0x5b1a0697cf50 (16 bytes)
1774654316.011419 sending message 112 to peer 0x5b1a0697cf50 (13 bytes)
1774654316.011422 sending message 112 to peer 0x5b1a0697cf50 (9 bytes)
1774654316.011425 sending message 112 to peer 0x5b1a0697cf50 (9 bytes)
1774654316.011427 sending message 112 to peer 0x5b1a0697cf50 (12 bytes)
1774654316.011430 sending message 112 to peer 0x5b1a0697cf50 (8 bytes)
1774654316.011433 sending message 112 to peer 0x5b1a0697cf50 (8 bytes)
1774654316.011435 sending message 112 to peer 0x5b1a0697cf50 (13 bytes)
1774654316.011438 sending message 112 to peer 0x5b1a0697cf50 (7 bytes)
1774654316.011441 sending message 112 to peer 0x5b1a0697cf50 (7 bytes)
1774654316.011444 sending message 112 to peer 0x5b1a0697cf50 (9 bytes)
1774654316.011447 sending message 112 to peer 0x5b1a0697cf50 (9 bytes)
1774654316.011449 sending message 112 to peer 0x5b1a0697cf50 (15 bytes)
1774654316.011452 sending message 112 to peer 0x5b1a0697cf50 (13 bytes)
1774654316.011454 sending message 112 to peer 0x5b1a0697cf50 (12 bytes)
1774654316.011457 sending message 112 to peer 0x5b1a0697cf50 (8 bytes)
1774654316.011460 sending message 112 to peer 0x5b1a0697cf50 (14 bytes)
1774654316.011462 sending message 112 to peer 0x5b1a0697cf50 (11 bytes)
1774654316.011471 sending message 112 to peer 0x5b1a0697cf50 (9 bytes)
1774654316.011474 sending message 112 to peer 0x5b1a0697cf50 (10 bytes)
1774654316.011476 sending message 112 to peer 0x5b1a0697cf50 (10 bytes)
1774654316.011479 sending message 112 to peer 0x5b1a0697cf50 (10 bytes)
1774654316.011481 sending message 112 to peer 0x5b1a0697cf50 (10 bytes)
1774654316.011484 sending message 112 to peer 0x5b1a0697cf50 (11 bytes)
1774654316.011487 sending message 112 to peer 0x5b1a0697cf50 (12 bytes)
1774654316.011490 sending message 112 to peer 0x5b1a0697cf50 (12 bytes)
1774654316.011492 sending message 112 to peer 0x5b1a0697cf50 (12 bytes)
1774654316.011495 sending message 112 to peer 0x5b1a0697cf50 (12 bytes)
1774654316.011499 sending message 112 to peer 0x5b1a0697cf50 (12 bytes)
1774654316.011501 sending message 112 to peer 0x5b1a0697cf50 (11 bytes)
1774654316.011504 sending message 112 to peer 0x5b1a0697cf50 (11 bytes)
1774654316.011507 sending message 112 to peer 0x5b1a0697cf50 (12 bytes)
1774654316.011509 sending message 112 to peer 0x5b1a0697cf50 (12 bytes)
1774654316.011512 sending message 112 to peer 0x5b1a0697cf50 (12 bytes)
1774654316.011515 sending message 112 to peer 0x5b1a0697cf50 (12 bytes)
1774654316.011517 sending message 112 to peer 0x5b1a0697cf50 (12 bytes)
1774654316.011520 sending message 112 to peer 0x5b1a0697cf50 (9 bytes)
1774654316.011523 sending message 112 to peer 0x5b1a0697cf50 (12 bytes)
1774654316.011525 sending message 112 to peer 0x5b1a0697cf50 (13 bytes)
1774654316.011528 sending message 112 to peer 0x5b1a0697cf50 (13 bytes)
1774654316.011531 sending message 112 to peer 0x5b1a0697cf50 (13 bytes)
1774654316.011533 sending message 112 to peer 0x5b1a0697cf50 (13 bytes)
1774654316.011536 sending message 112 to peer 0x5b1a0697cf50 (13 bytes)
1774654316.011539 sending message 112 to peer 0x5b1a0697cf50 (8 bytes)
1774654316.011541 sending message 112 to peer 0x5b1a0697cf50 (11 bytes)
1774654316.011544 sending message 112 to peer 0x5b1a0697cf50 (11 bytes)
1774654316.011546 sending message 112 to peer 0x5b1a0697cf50 (11 bytes)
1774654316.011549 sending message 112 to peer 0x5b1a0697cf50 (12 bytes)
1774654316.011552 sending message 112 to peer 0x5b1a0697cf50 (12 bytes)
1774654316.011554 sending message 112 to peer 0x5b1a0697cf50 (12 bytes)
1774654316.011557 sending message 112 to peer 0x5b1a0697cf50 (12 bytes)
1774654316.011560 sending message 112 to peer 0x5b1a0697cf50 (13 bytes)
1774654316.011563 sending message 112 to peer 0x5b1a0697cf50 (13 bytes)
1774654316.011566 sending message 112 to peer 0x5b1a0697cf50 (13 bytes)
1774654316.011568 sending message 112 to peer 0x5b1a0697cf50 (8 bytes)
1774654316.011571 sending message 112 to peer 0x5b1a0697cf50 (13 bytes)
1774654316.011574 sending message 112 to peer 0x5b1a0697cf50 (13 bytes)
1774654316.011578 sending message 112 to peer 0x5b1a0697cf50 (13 bytes)
1774654316.011580 sending message 112 to peer 0x5b1a0697cf50 (13 bytes)
1774654316.011583 sending message 112 to peer 0x5b1a0697cf50 (13 bytes)
1774654316.011586 sending message 112 to peer 0x5b1a0697cf50 (12 bytes)
1774654316.011588 sending message 112 to peer 0x5b1a0697cf50 (12 bytes)
1774654316.011591 sending message 112 to peer 0x5b1a0697cf50 (12 bytes)
1774654316.011593 sending message 112 to peer 0x5b1a0697cf50 (12 bytes)
1774654316.011596 sending message 112 to peer 0x5b1a0697cf50 (13 bytes)
1774654316.011599 sending message 112 to peer 0x5b1a0697cf50 (8 bytes)
1774654316.011601 sending message 112 to peer 0x5b1a0697cf50 (13 bytes)
1774654316.011604 sending message 112 to peer 0x5b1a0697cf50 (13 bytes)
1774654316.011607 sending message 112 to peer 0x5b1a0697cf50 (13 bytes)
1774654316.011609 sending message 112 to peer 0x5b1a0697cf50 (13 bytes)
1774654316.011612 sending message 112 to peer 0x5b1a0697cf50 (13 bytes)
1774654316.011614 sending message 112 to peer 0x5b1a0697cf50 (13 bytes)
1774654316.011617 sending message 112 to peer 0x5b1a0697cf50 (13 bytes)
1774654316.011620 sending message 112 to peer 0x5b1a0697cf50 (12 bytes)
1774654316.011622 sending message 112 to peer 0x5b1a0697cf50 (12 bytes)
1774654316.011628 sending message 112 to peer 0x5b1a0697cf50 (12 bytes)
1774654316.011630 sending message 112 to peer 0x5b1a0697cf50 (8 bytes)
1774654316.011633 sending message 112 to peer 0x5b1a0697cf50 (12 bytes)
1774654316.011636 sending message 112 to peer 0x5b1a0697cf50 (13 bytes)
1774654316.011638 sending message 112 to peer 0x5b1a0697cf50 (13 bytes)
1774654316.011641 sending message 112 to peer 0x5b1a0697cf50 (13 bytes)
1774654316.011644 sending message 112 to peer 0x5b1a0697cf50 (13 bytes)
1774654316.011647 sending message 112 to peer 0x5b1a0697cf50 (13 bytes)
1774654316.011650 sending message 112 to peer 0x5b1a0697cf50 (13 bytes)
1774654316.011653 sending message 112 to peer 0x5b1a0697cf50 (13 bytes)
1774654316.011656 sending message 112 to peer 0x5b1a0697cf50 (13 bytes)
1774654316.011658 sending message 112 to peer 0x5b1a0697cf50 (12 bytes)
1774654316.011661 sending message 112 to peer 0x5b1a0697cf50 (10 bytes)
1774654316.011664 sending message 112 to peer 0x5b1a0697cf50 (12 bytes)
1774654316.011667 sending message 112 to peer 0x5b1a0697cf50 (12 bytes)
1774654316.011670 sending message 112 to peer 0x5b1a0697cf50 (12 bytes)
1774654316.011673 sending message 112 to peer 0x5b1a0697cf50 (13 bytes)
1774654316.011676 sending message 112 to peer 0x5b1a0697cf50 (13 bytes)
1774654316.011679 sending message 112 to peer 0x5b1a0697cf50 (13 bytes)
1774654316.011682 sending message 112 to peer 0x5b1a0697cf50 (13 bytes)
1774654316.011685 sending message 112 to peer 0x5b1a0697cf50 (13 bytes)
1774654316.011688 sending message 112 to peer 0x5b1a0697cf50 (13 bytes)
1774654316.011691 sending message 112 to peer 0x5b1a0697cf50 (13 bytes)
1774654316.011694 sending message 112 to peer 0x5b1a0697cf50 (10 bytes)
1774654316.011696 sending message 112 to peer 0x5b1a0697cf50 (13 bytes)
1774654316.011699 sending message 112 to peer 0x5b1a0697cf50 (12 bytes)
1774654316.011702 sending message 112 to peer 0x5b1a0697cf50 (12 bytes)
1774654316.011705 sending message 112 to peer 0x5b1a0697cf50 (12 bytes)
1774654316.011708 sending message 112 to peer 0x5b1a0697cf50 (10 bytes)
1774654316.011711 sending message 112 to peer 0x5b1a0697cf50 (10 bytes)
1774654316.011714 sending message 112 to peer 0x5b1a0697cf50 (10 bytes)
1774654316.011716 sending message 112 to peer 0x5b1a0697cf50 (12 bytes)
1774654316.011719 sending message 112 to peer 0x5b1a0697cf50 (13 bytes)
1774654316.011722 sending message 112 to peer 0x5b1a0697cf50 (13 bytes)
1774654316.011725 sending message 112 to peer 0x5b1a0697cf50 (13 bytes)
1774654316.011728 sending message 112 to peer 0x5b1a0697cf50 (13 bytes)
1774654316.011731 sending message 112 to peer 0x5b1a0697cf50 (13 bytes)
1774654316.011734 sending message 112 to peer 0x5b1a0697cf50 (10 bytes)
1774654316.011743 sending message 112 to peer 0x5b1a0697cf50 (11 bytes)
1774654316.011751 sending message 112 to peer 0x5b1a0697cf50 (12 bytes)
1774654316.011754 sending message 112 to peer 0x5b1a0697cf50 (12 bytes)
1774654316.011757 sending message 112 to peer 0x5b1a0697cf50 (12 bytes)
1774654316.011760 sending message 112 to peer 0x5b1a0697cf50 (12 bytes)
1774654316.011763 sending message 112 to peer 0x5b1a0697cf50 (12 bytes)
1774654316.011765 sending message 112 to peer 0x5b1a0697cf50 (11 bytes)
1774654316.011768 sending message 112 to peer 0x5b1a0697cf50 (12 bytes)
1774654316.011772 sending message 112 to peer 0x5b1a0697cf50 (12 bytes)
1774654316.011776 sending message 112 to peer 0x5b1a0697cf50 (13 bytes)
1774654316.011780 sending message 112 to peer 0x5b1a0697cf50 (13 bytes)
1774654316.011783 sending message 112 to peer 0x5b1a0697cf50 (13 bytes)
1774654316.011787 sending message 112 to peer 0x5b1a0697cf50 (13 bytes)
1774654316.011790 sending message 112 to peer 0x5b1a0697cf50 (13 bytes)
1774654316.011793 sending message 112 to peer 0x5b1a0697cf50 (10 bytes)
1774654316.011796 sending message 112 to peer 0x5b1a0697cf50 (9 bytes)
1774654316.011800 sending message 112 to peer 0x5b1a0697cf50 (12 bytes)
1774654316.011804 sending message 112 to peer 0x5b1a0697cf50 (13 bytes)
1774654316.011808 sending message 112 to peer 0x5b1a0697cf50 (13 bytes)
1774654316.011814 sending message 112 to peer 0x5b1a0697cf50 (13 bytes)
1774654316.011818 sending message 112 to peer 0x5b1a0697cf50 (13 bytes)
1774654316.011821 sending message 112 to peer 0x5b1a0697cf50 (13 bytes)
1774654316.011825 sending message 112 to peer 0x5b1a0697cf50 (9 bytes)
1774654316.011828 sending message 112 to peer 0x5b1a0697cf50 (12 bytes)
1774654316.011831 sending message 112 to peer 0x5b1a0697cf50 (13 bytes)
1774654316.011834 sending message 112 to peer 0x5b1a0697cf50 (13 bytes)
1774654316.011838 sending message 112 to peer 0x5b1a0697cf50 (13 bytes)
1774654316.011840 sending message 112 to peer 0x5b1a0697cf50 (13 bytes)
1774654316.011843 sending message 112 to peer 0x5b1a0697cf50 (13 bytes)
1774654316.011847 sending message 112 to peer 0x5b1a0697cf50 (11 bytes)
1774654316.011851 sending message 112 to peer 0x5b1a0697cf50 (12 bytes)
1774654316.011854 sending message 112 to peer 0x5b1a0697cf50 (13 bytes)
1774654316.011857 sending message 112 to peer 0x5b1a0697cf50 (13 bytes)
1774654316.011861 sending message 112 to peer 0x5b1a0697cf50 (13 bytes)
1774654316.011864 sending message 112 to peer 0x5b1a0697cf50 (13 bytes)
1774654316.011867 sending message 112 to peer 0x5b1a0697cf50 (13 bytes)
1774654316.011871 sending message 112 to peer 0x5b1a0697cf50 (11 bytes)
1774654316.011875 sending message 112 to peer 0x5b1a0697cf50 (12 bytes)
1774654316.011879 sending message 112 to peer 0x5b1a0697cf50 (12 bytes)
1774654316.011882 sending message 112 to peer 0x5b1a0697cf50 (12 bytes)
1774654316.011885 sending message 112 to peer 0x5b1a0697cf50 (12 bytes)
1774654316.011888 sending message 112 to peer 0x5b1a0697cf50 (12 bytes)
1774654316.011891 sending message 112 to peer 0x5b1a0697cf50 (21 bytes)
1774654316.011894 sending message 112 to peer 0x5b1a0697cf50 (12 bytes)
1774654316.011896 sending message 112 to peer 0x5b1a0697cf50 (9 bytes)
1774654316.011899 sending message 112 to peer 0x5b1a0697cf50 (6 bytes)
1774654316.011902 sending message 112 to peer 0x5b1a0697cf50 (13 bytes)
1774654316.011905 sending message 112 to peer 0x5b1a0697cf50 (10 bytes)
1774654316.011908 sending message 112 to peer 0x5b1a0697cf50 (24 bytes)
1774654316.011911 sending message 112 to peer 0x5b1a0697cf50 (13 bytes)
1774654316.011913 sending message 112 to peer 0x5b1a0697cf50 (9 bytes)
1774654316.011916 sending message 112 to peer 0x5b1a0697cf50 (70 bytes)
1774654316.011919 sending message 112 to peer 0x5b1a0697cf50 (69 bytes)
1774654316.011923 sending message 112 to peer 0x5b1a0697cf50 (12 bytes)
1774654316.011926 sending message 112 to peer 0x5b1a0697cf50 (10 bytes)
1774654316.011929 sending message 112 to peer 0x5b1a0697cf50 (10 bytes)
1774654316.011932 sending message 112 to peer 0x5b1a0697cf50 (24 bytes)
1774654316.011935 sending message 112 to peer 0x5b1a0697cf50 (13 bytes)
1774654316.011938 sending message 112 to peer 0x5b1a0697cf50 (10 bytes)
1774654316.011940 sending message 112 to peer 0x5b1a0697cf50 (10 bytes)
1774654316.011943 sending message 112 to peer 0x5b1a0697cf50 (10 bytes)
1774654316.011946 sending message 112 to peer 0x5b1a0697cf50 (13 bytes)
1774654316.011949 sending message 112 to peer 0x5b1a0697cf50 (15 bytes)
1774654316.011952 sending message 112 to peer 0x5b1a0697cf50 (5 bytes)
1774654316.011956 sending message 104 to peer 0x5b1a0697cf50 (0 bytes)
1774654316.011960 sending message 110 to peer 0x5b1a0697cf50 (0 bytes)
1774654316.011963 sending message 107 to peer 0x5b1a0697cf50 (4 bytes)
1774654316.011966 sending message 105 to peer 0x5b1a0697cf50 (16 bytes)
1774654316.011969 sending message 105 to peer 0x5b1a0697cf50 (20 bytes)
1774654316.011972 sending message 105 to peer 0x5b1a0697cf50 (175 bytes)
1774654316.011975 sending message 105 to peer 0x5b1a0697cf50 (91 bytes)
1774654316.011978 sending message 105 to peer 0x5b1a0697cf50 (29 bytes)
1774654316.011981 sending message 105 to peer 0x5b1a0697cf50 (31 bytes)
1774654316.011984 sending message 105 to peer 0x5b1a0697cf50 (7 bytes)
1774654316.011987 sending message 105 to peer 0x5b1a0697cf50 (597 bytes)
1774654316.011990 sending message 105 to peer 0x5b1a0697cf50 (101 bytes)
1774654316.011996 sending message 105 to peer 0x5b1a0697cf50 (23 bytes)
1774654316.011999 sending message 105 to peer 0x5b1a0697cf50 (20 bytes)
1774654316.012002 sending message 105 to peer 0x5b1a0697cf50 (89 bytes)
1774654316.012005 sending message 105 to peer 0x5b1a0697cf50 (448 bytes)
1774654316.012008 sending message 105 to peer 0x5b1a0697cf50 (202 bytes)
1774654316.012011 sending message 105 to peer 0x5b1a0697cf50 (48 bytes)
1774654316.012014 sending message 105 to peer 0x5b1a0697cf50 (566 bytes)
1774654316.012017 sending message 105 to peer 0x5b1a0697cf50 (33 bytes)
1774654316.012020 sending message 105 to peer 0x5b1a0697cf50 (87 bytes)
1774654316.012023 sending message 105 to peer 0x5b1a0697cf50 (93 bytes)
1774654316.012027 sending message 105 to peer 0x5b1a0697cf50 (42 bytes)
1774654316.012030 sending message 105 to peer 0x5b1a0697cf50 (24 bytes)
1774654316.012032 sending message 105 to peer 0x5b1a0697cf50 (25 bytes)
1774654316.012035 sending message 105 to peer 0x5b1a0697cf50 (85 bytes)
1774654316.012038 sending message 105 to peer 0x5b1a0697cf50 (29 bytes)
1774654316.012041 sending message 105 to peer 0x5b1a0697cf50 (57 bytes)
1774654316.012044 sending message 105 to peer 0x5b1a0697cf50 (19 bytes)
1774654316.012047 sending message 105 to peer 0x5b1a0697cf50 (21 bytes)
1774654316.012050 sending message 105 to peer 0x5b1a0697cf50 (47 bytes)
1774654316.012053 sending message 105 to peer 0x5b1a0697cf50 (83 bytes)
1774654316.012056 sending message 105 to peer 0x5b1a0697cf50 (83 bytes)
1774654316.012058 sending message 105 to peer 0x5b1a0697cf50 (123 bytes)
1774654316.012061 sending message 105 to peer 0x5b1a0697cf50 (89 bytes)
1774654316.012064 sending message 105 to peer 0x5b1a0697cf50 (128 bytes)
1774654316.012067 sending message 105 to peer 0x5b1a0697cf50 (15 bytes)
1774654316.012070 sending message 105 to peer 0x5b1a0697cf50 (22 bytes)
1774654316.012073 sending message 105 to peer 0x5b1a0697cf50 (85 bytes)
1774654316.012085 sending message 105 to peer 0x5b1a0697cf50 (21 bytes)
1774654316.012090 sending message 105 to peer 0x5b1a0697cf50 (17 bytes)
1774654316.012093 sending message 105 to peer 0x5b1a0697cf50 (97 bytes)
1774654316.012096 sending message 105 to peer 0x5b1a0697cf50 (1519 bytes)
1774654316.012100 sending message 105 to peer 0x5b1a0697cf50 (93 bytes)
1774654316.012103 sending message 105 to peer 0x5b1a0697cf50 (135 bytes)
1774654316.012106 sending message 105 to peer 0x5b1a0697cf50 (89 bytes)
1774654316.012109 sending message 105 to peer 0x5b1a0697cf50 (360 bytes)
1774654316.012112 sending message 105 to peer 0x5b1a0697cf50 (32 bytes)
1774654316.012115 sending message 105 to peer 0x5b1a0697cf50 (41 bytes)
1774654316.012117 sending message 105 to peer 0x5b1a0697cf50 (30 bytes)
1774654316.012120 sending message 105 to peer 0x5b1a0697cf50 (142 bytes)
1774654316.012123 sending message 105 to peer 0x5b1a0697cf50 (83 bytes)
1774654316.012126 sending message 105 to peer 0x5b1a0697cf50 (85 bytes)
1774654316.012129 sending message 105 to peer 0x5b1a0697cf50 (51 bytes)
1774654316.012132 sending message 105 to peer 0x5b1a0697cf50 (83 bytes)
1774654316.012134 sending message 105 to peer 0x5b1a0697cf50 (83 bytes)
1774654316.012137 sending message 105 to peer 0x5b1a0697cf50 (31 bytes)
1774654316.012140 sending message 105 to peer 0x5b1a0697cf50 (93 bytes)
1774654316.012143 sending message 105 to peer 0x5b1a0697cf50 (35 bytes)
1774654316.012146 sending message 105 to peer 0x5b1a0697cf50 (27 bytes)
1774654316.012149 sending message 105 to peer 0x5b1a0697cf50 (34 bytes)
1774654316.012152 sending message 105 to peer 0x5b1a0697cf50 (23 bytes)
1774654316.012155 sending message 105 to peer 0x5b1a0697cf50 (478 bytes)
1774654316.012158 sending message 105 to peer 0x5b1a0697cf50 (47 bytes)
1774654316.012162 sending message 105 to peer 0x5b1a0697cf50 (91 bytes)
1774654316.012165 sending message 105 to peer 0x5b1a0697cf50 (20 bytes)
1774654316.012167 sending message 105 to peer 0x5b1a0697cf50 (30 bytes)
1774654316.012170 sending message 105 to peer 0x5b1a0697cf50 (20 bytes)
1774654316.012173 sending message 105 to peer 0x5b1a0697cf50 (11 bytes)
1774654316.012179 sending message 105 to peer 0x5b1a0697cf50 (99 bytes)
1774654316.012182 sending message 105 to peer 0x5b1a0697cf50 (93 bytes)
1774654316.012185 sending message 105 to peer 0x5b1a0697cf50 (32 bytes)
1774654316.012188 sending message 105 to peer 0x5b1a0697cf50 (35 bytes)
1774654316.012191 sending message 105 to peer 0x5b1a0697cf50 (16 bytes)
1774654316.012194 sending message 105 to peer 0x5b1a0697cf50 (91 bytes)
1774654316.012197 sending message 105 to peer 0x5b1a0697cf50 (64 bytes)
1774654316.012200 sending message 105 to peer 0x5b1a0697cf50 (93 bytes)
1774654316.012203 sending message 105 to peer 0x5b1a0697cf50 (14 bytes)
1774654316.012207 sending message 105 to peer 0x5b1a0697cf50 (8 bytes)
1774654316.012210 sending message 105 to peer 0x5b1a0697cf50 (140 bytes)
1774654316.012213 sending message 105 to peer 0x5b1a0697cf50 (25 bytes)
1774654316.012216 sending message 105 to peer 0x5b1a0697cf50 (27 bytes)
1774654316.012218 sending message 105 to peer 0x5b1a0697cf50 (19 bytes)
1774654316.012221 sending message 105 to peer 0x5b1a0697cf50 (58 bytes)
1774654316.012224 sending message 105 to peer 0x5b1a0697cf50 (93 bytes)
1774654316.012227 sending message 105 to peer 0x5b1a0697cf50 (93 bytes)
1774654316.012231 sending message 105 to peer 0x5b1a0697cf50 (39 bytes)
1774654316.012234 sending message 105 to peer 0x5b1a0697cf50 (93 bytes)
1774654316.012237 sending message 105 to peer 0x5b1a0697cf50 (31 bytes)
1774654316.012240 sending message 105 to peer 0x5b1a0697cf50 (53 bytes)
1774654316.012243 sending message 105 to peer 0x5b1a0697cf50 (33 bytes)
1774654316.012246 sending message 105 to peer 0x5b1a0697cf50 (196 bytes)
1774654316.012249 sending message 105 to peer 0x5b1a0697cf50 (23 bytes)
1774654316.012252 sending message 105 to peer 0x5b1a0697cf50 (20 bytes)
1774654316.012255 sending message 105 to peer 0x5b1a0697cf50 (95 bytes)
1774654316.012259 sending message 105 to peer 0x5b1a0697cf50 (159 bytes)
1774654316.012262 sending message 105 to peer 0x5b1a0697cf50 (47 bytes)
1774654316.012265 sending message 105 to peer 0x5b1a0697cf50 (82 bytes)
1774654316.012268 sending message 105 to peer 0x5b1a0697cf50 (130 bytes)
1774654316.012271 sending message 105 to peer 0x5b1a0697cf50 (647 bytes)
1774654316.012274 sending message 105 to peer 0x5b1a0697cf50 (44 bytes)
1774654316.012277 sending message 105 to peer 0x5b1a0697cf50 (54 bytes)
1774654316.012280 sending message 105 to peer 0x5b1a0697cf50 (85 bytes)
1774654316.012283 sending message 105 to peer 0x5b1a0697cf50 (26 bytes)
1774654316.012285 sending message 105 to peer 0x5b1a0697cf50 (52 bytes)
1774654316.012288 sending message 105 to peer 0x5b1a0697cf50 (23 bytes)
1774654316.012291 sending message 105 to peer 0x5b1a0697cf50 (20 bytes)
1774654316.012294 sending message 105 to peer 0x5b1a0697cf50 (88 bytes)
1774654316.012297 sending message 105 to peer 0x5b1a0697cf50 (45 bytes)
1774654316.012300 sending message 106 to peer 0x5b1a0697cf50 (0 bytes)
1774654316.012351 cmd_pack_argv: argv[0]=new
1774654316.012354 cmd_pack_argv: argv[1]=-s
1774654316.012356 cmd_pack_argv: argv[2]=train
1774654316.012360 sending message 200 to peer 0x5b1a0697cf50 (17 bytes)
1774654316.012362 client loop enter
1774654316.012373 client_signal: Child exited
1774654316.147650 client loop exit
